error: cannot mix `bin` crate type with others

error: aborting due to previous error

