error: crate name `-` passed to `--extern` is not a valid ASCII identifier
  |
  = help: consider replacing the dashes with underscores: `_`

