error: this file contains an unclosed delimiter
  --> $DIR/mbe_missing_right_paren.rs:5:23
   |
LL | macro_rules! abc(Ø¼
   |                 - unclosed delimiter
...
LL | // Declarative Macros
   |                       ^

error: aborting due to previous error

