error[E0765]: unterminated double quote string
  --> $DIR/unbalanced-doublequote.rs:5:5
   |
LL | /     "
LL | | }
LL | |
LL | | // ferrocene-annotations: fls_hucd52suu6it
...  |
LL | | // ferrocene-annotations: fls_boyhlu5srp6u
LL | | // String Literals
   | |___________________^

error: aborting due to previous error

For more information about this error, try `rustc --explain E0765`.
