error: this file contains an unclosed delimiter
  --> $DIR/use-unclosed-brace.rs:63:27
   |
LL | use foo::{bar, baz;
   |          - unclosed delimiter
...
LL | // Simple Path Resolution
   |                           ^

error: expected one of `,`, `::`, `as`, or `}`, found `;`
  --> $DIR/use-unclosed-brace.rs:4:10
   |
LL | use foo::{bar, baz;
   |          ^        ^
   |          |        |
   |          |        expected one of `,`, `::`, `as`, or `}`
   |          |        help: `}` may belong here
   |          unclosed delimiter

error: expected item, found `}`
  --> $DIR/use-unclosed-brace.rs:63:27
   |
LL | // Simple Path Resolution
   |                           ^ expected item

error: aborting due to 3 previous errors

