error: codegen option `target-cpu` requires a string (C target-cpu=<value>)

