error: codegen option `link-arg` requires a string (C link-arg=<value>)

