error: codegen option `metadata` requires a space-separated list of strings (C metadata=<value>)

