error: unknown codegen option: `this-codegen-option-does-not-exist`

