error: unknown emission type: `` - expected one of: `llvm-bc`, `asm`, `llvm-ir`, `mir`, `obj`, `metadata`, `link`, `dep-info`

