error: incorrect value `invalid` for codegen option `rpath` - one of: `y`, `yes`, `on`, `n`, `no`, or `off` was expected

