error: incorrect value `invalid` for codegen option `rpath` - one of: `y`, `yes`, `on`, `true`, `n`, `no`, `off` or `false` was expected

