warning[E0602]: unknown lint: `=`
   |
   = note: requested on the command line with `-F =`
   = note: `#[warn(unknown_lints)]` on by default

warning[E0602]: unknown lint: `=`
   |
   = note: requested on the command line with `-F =`

warning[E0602]: unknown lint: `=`
   |
   = note: requested on the command line with `-F =`

warning: 3 warnings emitted

For more information about this error, try `rustc --explain E0602`.
