warning[E0602]: unknown lint: `=missing_docs`
   |
   = help: did you mean: `missing_docs`
   = note: requested on the command line with `-F =missing_docs`
   = note: `#[warn(unknown_lints)]` on by default

warning[E0602]: unknown lint: `=missing_docs`
   |
   = help: did you mean: `missing_docs`
   = note: requested on the command line with `-F =missing_docs`

warning[E0602]: unknown lint: `=missing_docs`
   |
   = help: did you mean: `missing_docs`
   = note: requested on the command line with `-F =missing_docs`

warning: 3 warnings emitted

For more information about this error, try `rustc --explain E0602`.
