error: codegen option `opt-level` requires a string (C opt-level=<value>)

