error[E0463]: can't find crate for `std`

error: requires `sized` lang_item

error: aborting due to 2 previous errors

For more information about this error, try `rustc --explain E0463`.
