error: invalid character `'-'` in crate name: `foo-bar`

error: aborting due to previous error

