error: argument for `--error-format` must be `human`, `json` or `short` (instead was `--error-format`)

