error: Argument to option 'error-format' missing

