Available relocation models:
    static
    pic
    pie
    dynamic-no-pic
    ropi
    rwpi
    ropi-rwpi
    default

