Available TLS models:
    global-dynamic
    local-dynamic
    initial-exec
    local-exec
    emulated

