error: codegen option `debuginfo` requires a number (C debuginfo=<value>)

