error: Option 'verbose' does not take an argument

