error: value for codegen units must be a positive non-zero integer

