error: incorrect value `-1` for codegen option `codegen-units` - a number was expected

