error: codegen option `codegen-units` requires a number (C codegen-units=<value>)

