error: codegen option `target-feature` requires a string (C target-feature=<value>)

