error: incorrect value `invalid` for codegen option `panic` - either `unwind` or `abort` was expected

